(let
  (rec)
  (termbind
    (nonstrict)
    (vardecl y (con integer))
    [
      (lam
        h
        (con integer)
        (let
          (nonrec)
          (termbind (nonstrict) (vardecl z (con integer)) y)
          [ [ (builtin addInteger) z ] h ]
        )
      )
      (con integer 4)
    ]
  )
  (let
    (rec)
    (termbind
      (strict)
      (vardecl x (con integer))
      [ (lam k (con integer) [ [ (builtin addInteger) y ] k ]) (con integer 3) ]
    )
    x
  )
)